stm32f4xx_nucleo.c:176:10:BSP_GetVersion	4	static
stm32f4xx_nucleo.c:187:6:BSP_LED_Init	40	static
stm32f4xx_nucleo.c:212:6:BSP_LED_DeInit	40	static
stm32f4xx_nucleo.c:229:6:BSP_LED_On	16	static
stm32f4xx_nucleo.c:240:6:BSP_LED_Off	16	static
stm32f4xx_nucleo.c:251:6:BSP_LED_Toggle	16	static
stm32f4xx_nucleo.c:266:6:BSP_PB_Init	40	static
stm32f4xx_nucleo.c:303:6:BSP_PB_DeInit	40	static
stm32f4xx_nucleo.c:318:10:BSP_PB_GetState	16	static
stm32f4xx_nucleo.c:334:13:SPIx_MspInit	48	static
stm32f4xx_nucleo.c:369:13:SPIx_Init	8	static
stm32f4xx_nucleo.c:406:13:SPIx_WriteReadData	40	static
stm32f4xx_nucleo.c:424:13:SPIx_Write	32	static
stm32f4xx_nucleo.c:442:13:SPIx_Error	8	static
stm32f4xx_nucleo.c:460:6:SD_IO_Init	40	static
stm32f4xx_nucleo.c:495:6:SD_IO_CSState	16	static
stm32f4xx_nucleo.c:513:6:SD_IO_WriteReadData	24	static
stm32f4xx_nucleo.c:523:9:SD_IO_WriteByte	24	static
stm32f4xx_nucleo.c:535:6:LCD_IO_Init	40	static
stm32f4xx_nucleo.c:565:6:LCD_IO_WriteReg	16	static
stm32f4xx_nucleo.c:585:6:LCD_IO_WriteData	16	static
stm32f4xx_nucleo.c:605:6:LCD_IO_WriteMultipleData	24	static
stm32f4xx_nucleo.c:660:6:LCD_Delay	16	static
