stm32_adafruit_sd.c:286:9:BSP_SD_Init	8	static
stm32_adafruit_sd.c:306:9:BSP_SD_GetCardInfo	24	static
stm32_adafruit_sd.c:341:9:BSP_SD_ReadBlocks	64	static
stm32_adafruit_sd.c:420:9:BSP_SD_WriteBlocks	64	static
stm32_adafruit_sd.c:500:9:BSP_SD_Erase	48	static
stm32_adafruit_sd.c:537:9:BSP_SD_GetCardState	24	static
stm32_adafruit_sd.c:562:9:SD_GetCSDRegister	64	static
stm32_adafruit_sd.c:676:9:SD_GetCIDRegister	56	static
stm32_adafruit_sd.c:769:22:SD_SendCmd	48	static
stm32_adafruit_sd.c:834:9:SD_GetDataResponse	16	static
stm32_adafruit_sd.c:876:9:SD_GoIdleState	40	static
stm32_adafruit_sd.c:978:9:SD_ReadData	16	static
stm32_adafruit_sd.c:999:9:SD_WaitData	24	static
